2025-06-27T20:08:32.611+03:00  INFO 23328 --- [backend-production] [restartedMain] c.t.m.CoreMiddlewareApplication          : Starting CoreMiddlewareApplication using Java 17.0.14 with PID 23328 (C:\Semester 7\GRAD\backend-production\target\classes started by YAHIA AMIR in C:\Semester 7\GRAD\backend-production)
2025-06-27T20:08:32.625+03:00  INFO 23328 --- [backend-production] [restartedMain] c.t.m.CoreMiddlewareApplication          : No active profile set, falling back to 1 default profile: "default"
2025-06-27T20:08:32.736+03:00  INFO 23328 --- [backend-production] [restartedMain] .e.DevToolsPropertyDefaultsPostProcessor : Devtools property defaults active! Set 'spring.devtools.add-properties' to 'false' to disable
2025-06-27T20:08:32.736+03:00  INFO 23328 --- [backend-production] [restartedMain] .e.DevToolsPropertyDefaultsPostProcessor : For additional web related logging consider setting the 'logging.level.web' property to 'DEBUG'
2025-06-27T20:08:36.465+03:00  INFO 23328 --- [backend-production] [restartedMain] o.s.b.w.embedded.tomcat.TomcatWebServer  : Tomcat initialized with port 8080 (http)
2025-06-27T20:08:36.496+03:00  INFO 23328 --- [backend-production] [restartedMain] o.apache.catalina.core.StandardService   : Starting service [Tomcat]
2025-06-27T20:08:36.497+03:00  INFO 23328 --- [backend-production] [restartedMain] o.apache.catalina.core.StandardEngine    : Starting Servlet engine: [Apache Tomcat/10.1.39]
2025-06-27T20:08:36.575+03:00  INFO 23328 --- [backend-production] [restartedMain] o.a.c.c.C.[Tomcat].[localhost].[/]       : Initializing Spring embedded WebApplicationContext
2025-06-27T20:08:36.576+03:00  INFO 23328 --- [backend-production] [restartedMain] w.s.c.ServletWebServerApplicationContext : Root WebApplicationContext: initialization completed in 3837 ms
2025-06-27T20:08:37.151+03:00  WARN 23328 --- [backend-production] [restartedMain] .s.s.UserDetailsServiceAutoConfiguration : 

Using generated security password: 18efc0aa-cf9e-413c-b04b-1dc16cca8d56

This generated password is for development use only. Your security configuration must be updated before running your application in production.

2025-06-27T20:08:37.201+03:00  INFO 23328 --- [backend-production] [restartedMain] r$InitializeUserDetailsManagerConfigurer : Global AuthenticationManager configured with UserDetailsService bean with name inMemoryUserDetailsManager
2025-06-27T20:08:38.333+03:00  INFO 23328 --- [backend-production] [restartedMain] o.s.b.a.e.web.EndpointLinksResolver      : Exposing 1 endpoint beneath base path '/actuator'
2025-06-27T20:08:38.476+03:00  INFO 23328 --- [backend-production] [restartedMain] o.s.b.d.a.OptionalLiveReloadServer       : LiveReload server is running on port 35729
2025-06-27T20:08:38.689+03:00  INFO 23328 --- [backend-production] [restartedMain] o.s.b.w.embedded.tomcat.TomcatWebServer  : Tomcat started on port 8080 (http) with context path '/'
2025-06-27T20:08:38.775+03:00  INFO 23328 --- [backend-production] [restartedMain] c.t.m.CoreMiddlewareApplication          : Started CoreMiddlewareApplication in 8.098 seconds (process running for 9.108)
2025-06-27T20:11:11.564+03:00  INFO 23328 --- [backend-production] [http-nio-8080-exec-1] o.a.c.c.C.[Tomcat].[localhost].[/]       : Initializing Spring DispatcherServlet 'dispatcherServlet'
2025-06-27T20:11:11.565+03:00  INFO 23328 --- [backend-production] [http-nio-8080-exec-1] o.s.web.servlet.DispatcherServlet        : Initializing Servlet 'dispatcherServlet'
2025-06-27T20:11:11.569+03:00  INFO 23328 --- [backend-production] [http-nio-8080-exec-1] o.s.web.servlet.DispatcherServlet        : Completed initialization in 1 ms
2025-06-27T20:11:12.027+03:00  INFO 23328 --- [backend-production] [http-nio-8080-exec-2] c.t.m.s.impl.CoreMiddlewareServiceImpl   : ? Requesting sensor data from LifeBot...
2025-06-27T20:11:12.363+03:00  INFO 23328 --- [backend-production] [http-nio-8080-exec-2] c.t.m.s.impl.CoreMiddlewareServiceImpl   : ? Sensor data received: com.trustr.middleware.dto.request.LifeBotSensorDataDTO@7d59849c
2025-06-27T20:11:12.372+03:00  INFO 23328 --- [backend-production] [http-nio-8080-exec-2] c.t.m.s.impl.CoreMiddlewareServiceImpl   : ? Merging symptom and sensor data...
2025-06-27T20:11:12.375+03:00  INFO 23328 --- [backend-production] [http-nio-8080-exec-2] c.t.m.s.impl.CoreMiddlewareServiceImpl   : ? Validation passed. Proceeding to merge data...
2025-06-27T20:11:14.274+03:00  INFO 23328 --- [backend-production] [http-nio-8080-exec-5] c.t.m.s.impl.CoreMiddlewareServiceImpl   : ? Requesting sensor data from LifeBot...
2025-06-27T20:11:14.306+03:00  INFO 23328 --- [backend-production] [http-nio-8080-exec-5] c.t.m.s.impl.CoreMiddlewareServiceImpl   : ? Sensor data received: com.trustr.middleware.dto.request.LifeBotSensorDataDTO@3a147ae1
2025-06-27T20:11:14.307+03:00  INFO 23328 --- [backend-production] [http-nio-8080-exec-5] c.t.m.s.impl.CoreMiddlewareServiceImpl   : ? Merging symptom and sensor data...
2025-06-27T20:11:14.308+03:00  INFO 23328 --- [backend-production] [http-nio-8080-exec-5] c.t.m.s.impl.CoreMiddlewareServiceImpl   : ? Validation passed. Proceeding to merge data...
2025-06-27T20:13:29.958+03:00  INFO 23328 --- [backend-production] [http-nio-8080-exec-10] c.t.m.s.impl.CoreMiddlewareServiceImpl   : ? Requesting sensor data from LifeBot...
2025-06-27T20:13:30.012+03:00  INFO 23328 --- [backend-production] [http-nio-8080-exec-10] c.t.m.s.impl.CoreMiddlewareServiceImpl   : ? Sensor data received: com.trustr.middleware.dto.request.LifeBotSensorDataDTO@70cfc384
2025-06-27T20:13:30.015+03:00  INFO 23328 --- [backend-production] [http-nio-8080-exec-10] c.t.m.s.impl.CoreMiddlewareServiceImpl   : ? Merging symptom and sensor data...
2025-06-27T20:13:30.017+03:00  INFO 23328 --- [backend-production] [http-nio-8080-exec-10] c.t.m.s.impl.CoreMiddlewareServiceImpl   : ? Validation passed. Proceeding to merge data...
2025-06-27T20:24:30.735+03:00  INFO 23328 --- [backend-production] [http-nio-8080-exec-2] c.t.m.s.impl.CoreMiddlewareServiceImpl   : ? Requesting sensor data from LifeBot...
2025-06-27T20:24:30.781+03:00  INFO 23328 --- [backend-production] [http-nio-8080-exec-2] c.t.m.s.impl.CoreMiddlewareServiceImpl   : ? Sensor data received: com.trustr.middleware.dto.request.LifeBotSensorDataDTO@49602563
2025-06-27T20:24:30.784+03:00  INFO 23328 --- [backend-production] [http-nio-8080-exec-2] c.t.m.s.impl.CoreMiddlewareServiceImpl   : ? Merging symptom and sensor data...
2025-06-27T20:24:30.786+03:00  INFO 23328 --- [backend-production] [http-nio-8080-exec-2] c.t.m.s.impl.CoreMiddlewareServiceImpl   : ? Validation passed. Proceeding to merge data...
2025-06-27T20:27:23.330+03:00  INFO 23328 --- [backend-production] [http-nio-8080-exec-1] c.t.m.s.impl.CoreMiddlewareServiceImpl   : ? Requesting sensor data from LifeBot...
2025-06-27T20:27:23.375+03:00  INFO 23328 --- [backend-production] [http-nio-8080-exec-1] c.t.m.s.impl.CoreMiddlewareServiceImpl   : ? Sensor data received: com.trustr.middleware.dto.request.LifeBotSensorDataDTO@6a7a5a11
2025-06-27T20:27:23.379+03:00  INFO 23328 --- [backend-production] [http-nio-8080-exec-1] c.t.m.s.impl.CoreMiddlewareServiceImpl   : ? Merging symptom and sensor data...
2025-06-27T20:27:23.382+03:00  INFO 23328 --- [backend-production] [http-nio-8080-exec-1] c.t.m.s.impl.CoreMiddlewareServiceImpl   : ? Validation passed. Proceeding to merge data...
2025-06-27T20:28:03.419+03:00  INFO 23328 --- [backend-production] [SpringApplicationShutdownHook] o.s.b.w.e.tomcat.GracefulShutdown        : Commencing graceful shutdown. Waiting for active requests to complete
2025-06-27T20:28:04.461+03:00  INFO 23328 --- [backend-production] [tomcat-shutdown] o.s.b.w.e.tomcat.GracefulShutdown        : Graceful shutdown complete
